// Jest Snapshot v1, https://goo.gl/fbAQLP

exports[`admonitions render correctly 1`] = `
<DocumentFragment>
  .emotion-0 {
  margin: 24px 3px 24px 0;
}

.emotion-0>div>div>* {
  margin: 0 0 12px;
}

.emotion-0>div>div>*:last-child {
  margin: 0;
}

.emotion-2 {
  border-radius: 6px;
  box-shadow: 0px 2px 5px 0 rgba(33,49,60,0.1);
  overflow: hidden;
  position: relative;
  color: #0D324F;
}

.emotion-2:after {
  content: '';
  position: absolute;
  width: 4px;
  left: 0px;
  top: -1px;
  bottom: -1px;
  border-radius: 6px 0px 0px 6px;
}

.emotion-2:after {
  background-color: #007CAD;
}

.emotion-3 {
  font-family: Akzidenz,‘Helvetica Neue’,Helvetica,Arial,sans-serif;
  font-size: 12px;
  font-weight: bold;
  -webkit-letter-spacing: 0.8px;
  -moz-letter-spacing: 0.8px;
  -ms-letter-spacing: 0.8px;
  letter-spacing: 0.8px;
  line-height: 16px;
  padding: 12px 24px 12px 52px;
  position: relative;
  text-transform: uppercase;
  width: 100%;
  background-color: #E1F2F6;
  color: #1A567E;
}

.emotion-4 {
  color: #007CAD;
  -webkit-flex-shrink: 0;
  -ms-flex-negative: 0;
  flex-shrink: 0;
  left: 20px;
  position: absolute;
}

.emotion-5 {
  display: -webkit-box;
  display: -webkit-flex;
  display: -ms-flexbox;
  display: flex;
  -webkit-flex-direction: column;
  -ms-flex-direction: column;
  flex-direction: column;
  padding: 18px 24px 18px 52px;
}

.emotion-6 {
  font-size: 14px;
  line-height: 20px;
}

.emotion-6 {
  font-size: 14px;
  line-height: 20px;
}

<div
    class="emotion-0 emotion-1 emotion-2"
    role="note"
  >
    <div
      class="emotion-3"
    >
      <svg
        aria-label="Info With Circle Icon"
        class="emotion-4"
        height="16"
        role="img"
        viewBox="0 0 16 16"
        width="16"
      >
        <path
          clip-rule="evenodd"
          d="M8 15C11.866 15 15 11.866 15 8C15 4.13401 11.866 1 8 1C4.13401 1 1 4.13401 1 8C1 11.866 4.13401 15 8 15ZM9 4C9 4.55228 8.55228 5 8 5C7.44772 5 7 4.55228 7 4C7 3.44772 7.44772 3 8 3C8.55228 3 9 3.44772 9 4ZM8 6C8.55228 6 9 6.44772 9 7V11H9.5C9.77614 11 10 11.2239 10 11.5C10 11.7761 9.77614 12 9.5 12H6.5C6.22386 12 6 11.7761 6 11.5C6 11.2239 6.22386 11 6.5 11H7V7H6.5C6.22386 7 6 6.77614 6 6.5C6 6.22386 6.22386 6 6.5 6H8Z"
          fill="currentColor"
          fill-rule="evenodd"
        />
      </svg>
      Note
    </div>
    <div
      class="emotion-5"
    >
      <div
        class="emotion-6"
      >
        These instructions are for installing MongoDB directly from
      </div>
    </div>
  </div>
</DocumentFragment>
`;
