// Jest Snapshot v1, https://goo.gl/fbAQLP

exports[`renders correctly 1`] = `
<DocumentFragment>
  <blockquote>
    <p>
      There are several ways to connect to your MongoDB instance.
    </p>
    <ol>
      <li>
         for access through a downloadable user interface
      </li>
      <li>
         interactive shell
      </li>
      <li>
        <a
          class="reference external"
          href=""
        >
          programmatic access
        </a>
        
through a number of programming APIs.
      </li>
    </ol>
  </blockquote>
</DocumentFragment>
`;
