// Jest Snapshot v1, https://goo.gl/fbAQLP

exports[`card correctly with and without url 1`] = `
<DocumentFragment>
  .emotion-0 {
  -webkit-align-items: stretch;
  -webkit-box-align: stretch;
  -ms-flex-align: stretch;
  align-items: stretch;
  display: grid;
  grid-column: 1/-1!important;
  grid-column-gap: 24px;
  grid-row-gap: 24px;
  grid-template-columns: repeat(3, 1fr);
  margin: 32px 0;
}

@media only screen and (max-width: 767px) {
  .emotion-0 {
    margin: 32px 0;
  }
}

@media only screen and (max-width: 480px) {
  .emotion-0 {
    margin: 32px 0;
  }
}

@media only screen and (max-width: 1200px) {
  .emotion-0 {
    grid-template-columns: repeat(2, 1fr);
  }

  @media only screen and (max-width: 767px) {
    .emotion-0 {
      grid-template-columns: repeat(1, 1fr);
      grid-column-gap: 16px;
    }
  }

  @media only screen and (max-width: 480px) {
    .emotion-0 {
      grid-column-gap: 16px;
      grid-template-columns: 'auto';
      grid-row-gap: '16px';
    }
  }
}

.emotion-1 {
  position: relative;
  -webkit-transition: 150ms ease-in-out;
  transition: 150ms ease-in-out;
  transition-property: border,box-shadow;
  border-radius: 24px;
  font-family: 'Euclid Circular A','Helvetica Neue',Helvetica,Arial,sans-serif;
  font-size: 13px;
  line-height: 20px;
  padding: 24px;
  min-height: 68px;
  border: 1px solid #E8EDEB;
  box-shadow: 0 4px 10px -4px rgba(0,30,43,0.3);
  background-color: #FFFFFF;
  color: #1C2D38;
  display: -webkit-box;
  display: -webkit-flex;
  display: -ms-flexbox;
  display: flex;
  height: 100%;
  background-color: var(--background-color-primary);
  border-color: #E8EDEB;
  -webkit-flex-direction: column;
  -ms-flex-direction: column;
  flex-direction: column;
  padding: 32px;
  -webkit-align-items: flex-start;
  -webkit-box-align: flex-start;
  -ms-flex-align: flex-start;
  align-items: flex-start;
  -webkit-flex-direction: row;
  -ms-flex-direction: row;
  flex-direction: row;
  padding: 32px 24px;
}

.dark-theme .emotion-1 {
  border-color: #3D4F58;
}

.emotion-1 p:last-of-type {
  margin-bottom: 0;
}

.emotion-2 {
  display: -webkit-box;
  display: -webkit-flex;
  display: -ms-flexbox;
  display: flex;
  -webkit-flex-direction: column;
  -ms-flex-direction: column;
  flex-direction: column;
  height: 100%;
  margin-left: 8px;
}

@media only screen and (max-width: 480px) {
  .emotion-2 {
    margin-left: 16px;
  }
}

.emotion-2 p {
  line-height: 24px;
}

.emotion-3 {
  margin: unset;
  font-family: 'Euclid Circular A','Helvetica Neue',Helvetica,Arial,sans-serif;
  color: #001E2B;
  font-size: 13px;
  line-height: 20px;
  color: #001E2B;
  font-weight: 500;
  font-weight: 500;
  letter-spacing: normal;
  color: var(--font-color-primary);
  margin: 0 0 8px;
}

.emotion-3 strong,
.emotion-3 b {
  font-weight: 700;
}

.emotion-4 {
  margin: unset;
  font-family: 'Euclid Circular A','Helvetica Neue',Helvetica,Arial,sans-serif;
  color: #001E2B;
  font-size: 13px;
  line-height: 20px;
  color: #001E2B;
  font-weight: 400;
  margin-bottom: 16px;
  color: var(--font-color-primary);
}

.emotion-4 strong,
.emotion-4 b {
  font-weight: 700;
}

.emotion-6 {
  -webkit-align-items: center;
  -webkit-box-align: center;
  -ms-flex-align: center;
  align-items: center;
  cursor: pointer;
  position: relative;
  -webkit-text-decoration: none;
  text-decoration: none;
  text-decoration-color: transparent;
  line-height: 13px;
  color: var(--link-color-primary);
  font-weight: var(--link-font-weight);
  background: #F9FBFA;
  border-radius: 4px;
  border: 1px solid #C1C7C6;
  box-sizing: border-box;
  display: inline-block;
  font-size: 13px!important;
  font-weight: 600;
  margin-bottom: 4px;
  margin-right: 4px;
  padding: 4px;
}

.emotion-6>span>code,
.emotion-6>code {
  color: var(--link-color-primary);
  font-weight: var(--link-font-weight);
}

.emotion-6:focus,
.emotion-6:hover {
  text-decoration-line: underline;
  -webkit-transition: text-decoration 150ms ease-in-out;
  transition: text-decoration 150ms ease-in-out;
  text-underline-offset: 4px;
  text-decoration-thickness: 2px;
}

.emotion-6:focus {
  text-decoration-color: #016BF8;
  outline: none;
}

.emotion-6:hover {
  text-decoration-color: #E8EDEB;
}

.emotion-6:after {
  content: ' ➔';
}

.emotion-12 {
  position: relative;
  -webkit-transition: 150ms ease-in-out;
  transition: 150ms ease-in-out;
  transition-property: border,box-shadow;
  border-radius: 24px;
  font-family: 'Euclid Circular A','Helvetica Neue',Helvetica,Arial,sans-serif;
  font-size: 13px;
  line-height: 20px;
  padding: 24px;
  min-height: 68px;
  border: 1px solid #E8EDEB;
  box-shadow: 0 4px 10px -4px rgba(0,30,43,0.3);
  background-color: #FFFFFF;
  color: #1C2D38;
  cursor: pointer;
  display: -webkit-box;
  display: -webkit-flex;
  display: -ms-flexbox;
  display: flex;
  height: 100%;
  background-color: var(--background-color-primary);
  border-color: #E8EDEB;
  -webkit-flex-direction: column;
  -ms-flex-direction: column;
  flex-direction: column;
  padding: 32px;
  -webkit-align-items: flex-start;
  -webkit-box-align: flex-start;
  -ms-flex-align: flex-start;
  align-items: flex-start;
  -webkit-flex-direction: row;
  -ms-flex-direction: row;
  flex-direction: row;
  padding: 32px 24px;
}

.emotion-12:focus {
  outline: none;
  box-shadow: 0 0 0 2px #FFFFFF,0 0 0 4px #0498EC,0 4px 10px -4px rgba(0,30,43,0.3);
}

.emotion-12:hover,
.emotion-12:active {
  border: 1px solid #E8EDEB;
  box-shadow: 0 4px 20px -4px rgba(0,30,43,0.2);
}

.emotion-12:hover:focus,
.emotion-12:active:focus {
  box-shadow: 0 0 0 2px #FFFFFF,0 0 0 4px #0498EC,0 4px 20px -4px rgba(0,30,43,0.2);
}

.dark-theme .emotion-12 {
  border-color: #3D4F58;
}

.emotion-12 p:last-of-type {
  margin-bottom: 0;
}

.emotion-16 {
  margin: unset;
  font-family: 'Euclid Circular A','Helvetica Neue',Helvetica,Arial,sans-serif;
  color: #001E2B;
  font-size: 13px;
  line-height: 20px;
  color: #001E2B;
  font-weight: 400;
}

.emotion-16 strong,
.emotion-16 b {
  font-weight: 700;
}

.emotion-16 a {
  line-height: unset;
}

.emotion-17 {
  font-family: 'Euclid Circular A','Helvetica Neue',Helvetica,Arial,sans-serif;
  display: -webkit-inline-box;
  display: -webkit-inline-flex;
  display: -ms-inline-flexbox;
  display: inline-flex;
  -webkit-align-items: center;
  -webkit-box-align: center;
  -ms-flex-align: center;
  align-items: center;
  -webkit-text-decoration: none;
  text-decoration: none;
  text-decoration-color: transparent;
  cursor: pointer;
  font-size: inherit;
  line-height: inherit;
  -webkit-appearance: none;
  -moz-appearance: none;
  -ms-appearance: none;
  appearance: none;
  background: none;
  border: none;
  padding: 0;
  font-size: 13px;
  line-height: 20px;
  color: #016BF8;
  font-weight: 400;
  display: inline;
  color: var(--link-color-primary);
  font-weight: var(--link-font-weight);
}

.emotion-17:hover,
.emotion-17:focus {
  -webkit-text-decoration: underline;
  text-decoration: underline;
  -webkit-transition: text-decoration 150ms ease-in-out;
  transition: text-decoration 150ms ease-in-out;
  text-underline-offset: 4px;
  text-decoration-thickness: 2px;
}

.emotion-17:focus {
  outline: none;
}

.emotion-17:hover {
  text-decoration-color: #E8EDEB;
}

.emotion-17:focus {
  text-decoration-color: #016BF8;
}

.emotion-17>span>code,
.emotion-17>code {
  color: var(--link-color-primary);
  font-weight: var(--link-font-weight);
}

<div
    class="card-group  emotion-0"
  >
    <div
      class="emotion-1"
    >
      <img
        class="
  @media only screen and (max-width: 480px) {
    width: 20px;
  }
"
        height="24"
        src="/images/icons/realm_sdk.svg"
        width="24"
      />
      <div
        class="emotion-2"
      >
        <div>
          <p
            class="emotion-3"
            data-headline="true"
          >
            Realm SDKs
          </p>
          <p
            class="emotion-4"
          >
            Use platform-specific libraries to include and work with the Realm database in your application.
          </p>
          <p
            class="emotion-4"
          >
            <a
              class="emotion-6"
              href="/sdk/android/#std-label-android-intro"
            >
              Android
            </a>
            

            <a
              class="emotion-6"
              href="/sdk/ios/#std-label-ios-intro"
            >
              iOS
            </a>
            

            <a
              class="emotion-6"
              href="/sdk/dotnet/#std-label-dotnet-intro"
            >
              .Net
            </a>
            

            <a
              class="emotion-6"
              href="/web/#std-label-web-intro"
            >
              Web
            </a>
            

            <a
              class="emotion-6"
              href="/sdk/react-native/#std-label-react-native-intro"
            >
              React Native
            </a>
            

            <a
              class="emotion-6"
              href="/sdk/node/#std-label-node-intro"
            >
              Node.js
            </a>
          </p>
        </div>
      </div>
    </div>
    <div
      class="emotion-12"
    >
      <img
        class="
  @media only screen and (max-width: 480px) {
    width: 20px;
  }
"
        height="24"
        src="/images/icons/realm.svg"
        width="24"
      />
      <div
        class="emotion-2"
      >
        <div>
          <p
            class="emotion-3"
            data-headline="true"
          >
            MongoDB Realm
          </p>
          <p
            class="emotion-4"
          >
            Discover how to sync data, define permissions, and connect to other services, including MongoDB Atlas.
          </p>
          <p
            class="emotion-16"
          >
            <a
              class="lg-ui-0001 emotion-17"
              href="https://docs.mongodb.com/realm/services/"
              target="_self"
            >
              <span>
                Learn more about MongoDB Realm Application Services
              </span>
            </a>
          </p>
        </div>
      </div>
    </div>
  </div>
</DocumentFragment>
`;
