// Jest Snapshot v1, https://goo.gl/fbAQLP

exports[`CodeIO renders correctly 1`] = `
<DocumentFragment>
  .emotion-0 {
  border-width: 1px;
  border-style: solid;
  border-bottom: none;
  border-top-right-radius: 12px;
  border-top-left-radius: 12px;
  border-color: #E8EDEB;
}

.dark-theme .emotion-0 {
  border-color: #3D4F58;
}

.emotion-1 {
  padding: 10px;
  font-size: 14px;
  margin-left: 5px;
  border-bottom: none;
  color: #5C6C75;
}

.dark-theme .emotion-1 {
  color: #E8EDEB;
}

.emotion-2 {
  border: 1px solid #E8EDEB;
  border-radius: 12px;
  overflow: hidden;
}

.emotion-3 {
  position: relative;
  display: grid;
  grid-template-areas: 'code panel';
  grid-template-columns: auto 38px;
  border-radius: inherit;
  z-index: 0;
}

.emotion-3:before,
.emotion-3:after {
  content: '';
  display: block;
  position: absolute;
  z-index: 1;
  top: 0;
  height: 100%;
  width: 40px;
  border-radius: 40%;
  box-shadow: unset;
  -webkit-transition: box-shadow 100ms ease-in-out;
  transition: box-shadow 100ms ease-in-out;
}

.emotion-3:before {
  grid-column: 1;
  left: -40px;
}

.emotion-3:after {
  grid-column: 2;
}

.emotion-4 {
  grid-area: code;
  overflow-x: auto;
  border-radius: inherit;
  border-top-right-radius: 0;
  border-bottom-right-radius: 0;
  border: 0;
  padding-top: 8px;
  padding-bottom: 8px;
  margin: 0;
  position: relative;
  -webkit-transition: box-shadow 100ms ease-in-out;
  transition: box-shadow 100ms ease-in-out;
  white-space: pre;
  background-color: #F9FBFA;
  color: #001E2B;
  display: -webkit-box;
  display: -webkit-flex;
  display: -ms-flexbox;
  display: flex;
  -webkit-align-items: center;
  -webkit-box-align: center;
  -ms-flex-align: center;
  align-items: center;
  padding-top: 6px;
  padding-bottom: 6px;
}

@media only screen and (max-device-width: 812px) and (-webkit-min-device-pixel-ratio: 2) {
  .emotion-4 {
    white-space: pre-wrap;
  }
}

@media only screen and (min-device-width: 813px) and (-webkit-min-device-pixel-ratio: 2) {
  .emotion-4 {
    white-space: pre;
  }
}

.emotion-4:focus-visible {
  outline: none;
  box-shadow: 0 0 0 2px #0498EC inset;
}

.emotion-5 {
  color: inherit;
  font-family: 'Source Code Pro',Menlo,monospace;
  font-size: 13px;
  line-height: 20px;
}

.emotion-6 {
  border-spacing: 0;
}

.emotion-7 {
  background-color: #FEF7DB;
  background-image: none;
  background-attachment: fixed;
}

.emotion-7>td {
  border-top: 1px solid #FFEC9E;
}

.emotion-7+tr>td {
  border-top: 1px solid #FFEC9E;
}

.emotion-7+.emotion-7>td {
  border-top: 0;
}

.emotion-7:last-child>td {
  border-bottom: 1px solid #FFEC9E;
}

.emotion-8 {
  border-spacing: 0;
  vertical-align: top;
  padding: 0 16px;
  -webkit-user-select: none;
  -moz-user-select: none;
  -ms-user-select: none;
  user-select: none;
  text-align: right;
  padding-left: 15px;
  padding-right: 0;
  color: #944F01;
}

.emotion-9 {
  border-spacing: 0;
  vertical-align: top;
  padding: 0 16px;
}

.emotion-10 {
  display: -webkit-box;
  display: -webkit-flex;
  display: -ms-flexbox;
  display: flex;
  -webkit-align-items: center;
  -webkit-box-align: center;
  -ms-flex-align: center;
  align-items: center;
  -webkit-flex-shrink: 0;
  -ms-flex-negative: 0;
  flex-shrink: 0;
  gap: 4px;
  background-color: #FFFFFF;
  -webkit-flex-direction: column;
  -ms-flex-direction: column;
  flex-direction: column;
  padding: 6px;
  border-left: solid 1px;
  border-color: #E8EDEB;
  z-index: 2;
  grid-area: panel;
}

.emotion-10 svg {
  width: 16px;
  height: 16px;
}

.emotion-11 {
  border-width: 1px;
  border-style: solid;
  border-top: none;
  border-color: #E8EDEB;
}

.dark-theme .emotion-11 {
  border-color: #3D4F58;
}

.emotion-12 {
  -webkit-appearance: none;
  -moz-appearance: none;
  -ms-appearance: none;
  appearance: none;
  padding: 0;
  margin: 0;
  background-color: transparent;
  border: 1px solid transparent;
  display: -webkit-inline-box;
  display: -webkit-inline-flex;
  display: -ms-inline-flexbox;
  display: inline-flex;
  -webkit-align-items: stretch;
  -webkit-box-align: stretch;
  -ms-flex-align: stretch;
  align-items: stretch;
  -webkit-transition: all 150ms ease-in-out;
  transition: all 150ms ease-in-out;
  position: relative;
  -webkit-text-decoration: none;
  text-decoration: none;
  cursor: pointer;
  z-index: 0;
  font-family: 'Euclid Circular A','Helvetica Neue',Helvetica,Arial,sans-serif;
  border-radius: 6px;
  background-color: #F9FBFA;
  border-color: #889397;
  color: #001E2B;
  font-size: 13px;
  line-height: 20px;
  font-weight: 500;
  height: 36px;
  padding: 0px;
  height: 24px;
  margin: 8px;
}

.emotion-12:focus-visible,
.emotion-12[data-focus="true"] {
  outline: none;
}

.emotion-12:active,
.emotion-12[data-active="true"],
.emotion-12:focus,
.emotion-12:hover {
  -webkit-text-decoration: none;
  text-decoration: none;
}

.emotion-12:focus-visible,
.emotion-12[data-focus="true"] {
  color: #001E2B;
}

.emotion-12:hover,
.emotion-12[data-hover="true"],
.emotion-12:active,
.emotion-12[data-active="true"] {
  color: #001E2B;
  background-color: #FFFFFF;
  box-shadow: 0 0 0 3px #E8EDEB;
}

.emotion-12:focus-visible,
.emotion-12[data-focus="true"] {
  background-color: #FFFFFF;
  box-shadow: 0 0 0 2px #FFFFFF,0 0 0 4px #0498EC;
}

.emotion-13 {
  overflow: hidden;
  position: absolute;
  top: 0;
  left: 0;
  right: 0;
  bottom: 0;
  border-radius: 5px;
}

.emotion-14 {
  display: grid;
  grid-auto-flow: column;
  -webkit-box-pack: center;
  -ms-flex-pack: center;
  -webkit-justify-content: center;
  justify-content: center;
  -webkit-align-items: center;
  -webkit-box-align: center;
  -ms-flex-align: center;
  align-items: center;
  height: 100%;
  width: 100%;
  position: relative;
  -webkit-user-select: none;
  -moz-user-select: none;
  -ms-user-select: none;
  user-select: none;
  z-index: 0;
  -webkit-transition: all 150 ease-in-out;
  transition: all 150 ease-in-out;
  padding: 0 11px;
  gap: 6px;
}

.emotion-15 {
  color: #FF0000;
  color: #889397;
  height: 16px;
  width: 16px;
  justify-self: right;
}

.emotion-17>div>* {
  display: inline!important;
}

.emotion-17 style {
  display: none!important;
}

.emotion-17 * {
  border-top-right-radius: 0px;
  border-top-left-radius: 0px;
  border-bottom-right-radius: 12px;
  border-bottom-left-radius: 12px;
}

.emotion-17>div {
  border: initial;
}

.dark-theme .emotion-17>div {
  border: none;
}

.emotion-17>div>div>pre {
  border: none;
  border-top: none;
}

.dark-theme .emotion-17>div>div>pre {
  border: 1px solid #3D4F58;
}

.emotion-18 {
  border: 1px solid #3D4F58;
  border-radius: 12px;
  overflow: hidden;
}

.emotion-19 {
  position: relative;
  display: grid;
  grid-template-areas: 'code panel';
  grid-template-columns: auto 38px;
  border-radius: inherit;
  z-index: 0;
  grid-template-areas: 'code code';
}

.emotion-19:before,
.emotion-19:after {
  content: '';
  display: block;
  position: absolute;
  z-index: 1;
  top: 0;
  height: 100%;
  width: 40px;
  border-radius: 40%;
  box-shadow: unset;
  -webkit-transition: box-shadow 100ms ease-in-out;
  transition: box-shadow 100ms ease-in-out;
}

.emotion-19:before {
  grid-column: 1;
  left: -40px;
}

.emotion-19:after {
  grid-column: 2;
}

.emotion-19:after {
  grid-column: -1;
}

.emotion-20 {
  grid-area: code;
  overflow-x: auto;
  border-radius: inherit;
  border-top-right-radius: 0;
  border-bottom-right-radius: 0;
  border: 0;
  padding-top: 8px;
  padding-bottom: 8px;
  margin: 0;
  position: relative;
  -webkit-transition: box-shadow 100ms ease-in-out;
  transition: box-shadow 100ms ease-in-out;
  white-space: pre;
  background-color: #001E2B;
  color: #F9FBFA;
  border-left: 0;
  border-radius: inherit;
  border-top-right-radius: 0;
  border-top-left-radius: 0;
  display: -webkit-box;
  display: -webkit-flex;
  display: -ms-flexbox;
  display: flex;
  -webkit-align-items: center;
  -webkit-box-align: center;
  -ms-flex-align: center;
  align-items: center;
  padding-top: 6px;
  padding-bottom: 6px;
}

@media only screen and (max-device-width: 812px) and (-webkit-min-device-pixel-ratio: 2) {
  .emotion-20 {
    white-space: pre-wrap;
  }
}

@media only screen and (min-device-width: 813px) and (-webkit-min-device-pixel-ratio: 2) {
  .emotion-20 {
    white-space: pre;
  }
}

.emotion-20:focus-visible {
  outline: none;
  box-shadow: 0 0 0 2px #0498EC inset;
}

.emotion-23 {
  background-color: transparent;
  background-image: linear-gradient(90deg, #1C2D38, #001E2B);
  background-attachment: fixed;
}

.emotion-23>td {
  border-top: 1px solid #1C2D38;
}

.emotion-23+tr>td {
  border-top: 1px solid #1C2D38;
}

.emotion-23+.emotion-23>td {
  border-top: 0;
}

.emotion-23:last-child>td {
  border-bottom: 1px solid #1C2D38;
}

.emotion-24 {
  border-spacing: 0;
  vertical-align: top;
  padding: 0 16px;
  -webkit-user-select: none;
  -moz-user-select: none;
  -ms-user-select: none;
  user-select: none;
  text-align: right;
  padding-left: 15px;
  padding-right: 0;
  color: #F9FBFA;
}

<div
    css="You have tried to stringify object returned from \`css\` function. It isn't supposed to be used directly (e.g. as value of the \`className\` prop), but rather handed to emotion so it can handle it (e.g. as value of \`css\` prop)."
  >
    <script
      class="structured_data"
      type="application/ld+json"
    >
      {"@context":"https://schema.org","@type":"SoftwareSourceCode","codeSampleType":"code snippet","text":"print('hello world')","programmingLanguage":"Python"}
    </script>
    <div
      css="You have tried to stringify object returned from \`css\` function. It isn't supposed to be used directly (e.g. as value of the \`className\` prop), but rather handed to emotion so it can handle it (e.g. as value of \`css\` prop)."
    >
      <div>
        <div
          class="emotion-0"
        >
          <div
            class="emotion-1"
          >
            Title of Example
          </div>
        </div>
      </div>
      <div
        class="emotion-2"
      >
        <div
          class="emotion-3"
        >
          <pre
            class="emotion-4"
            tabindex="-1"
          >
            <code
              class="lg-highlight-hljs-light python emotion-5"
            >
              <table
                class="emotion-6"
              >
                <tbody>
                  <tr
                    class="emotion-7"
                  >
                    <td
                      class="emotion-8"
                    >
                      1
                    </td>
                    <td
                      class="emotion-9"
                    >
                      <span
                        class="lg-highlight-built_in"
                      >
                        print
                      </span>
                      (
                      <span
                        class="lg-highlight-string"
                      >
                        'hello world'
                      </span>
                      )
                    </td>
                  </tr>
                </tbody>
              </table>
            </code>
          </pre>
          <div
            class="emotion-10"
            data-testid="leafygreen-code-panel"
          />
        </div>
      </div>
    </div>
    <div
      class="emotion-11"
    >
      <button
        aria-disabled="false"
        class="lg-ui-button-0000 emotion-12"
        data-lgid="lg-button"
        role="button"
        type="button"
      >
        <div
          class="emotion-13"
        />
        <div
          class="emotion-14"
        >
          <svg
            alt=""
            aria-hidden="true"
            class="emotion-15"
            fill="none"
            height="16"
            role="presentation"
            viewBox="0 0 16 16"
            width="16"
            xmlns="http://www.w3.org/2000/svg"
          >
            <path
              clip-rule="evenodd"
              d="M14.364 10.778a1 1 0 0 0 0-1.414l-4.95-4.95-.707-.707a1 1 0 0 0-1.414 0l-.707.707-4.95 4.95a1 1 0 0 0 0 1.414l.707.707a1 1 0 0 0 1.414 0L8 7.243l4.243 4.242a1 1 0 0 0 1.414 0l.707-.707Z"
              fill="currentColor"
              fill-rule="evenodd"
            />
          </svg>
          <span>
            HIDE OUTPUT
          </span>
        </div>
      </button>
    </div>
    <div
      class="emotion-16"
    >
      <script
        class="structured_data"
        type="application/ld+json"
      >
        {"@context":"https://schema.org","@type":"SoftwareSourceCode","codeSampleType":"code snippet","text":"hello world","programmingLanguage":"Python"}
      </script>
      <div
        class="emotion-17"
      >
        <div
          class="emotion-18"
        >
          <div
            class="emotion-19"
          >
            <pre
              class="emotion-20"
              tabindex="-1"
            >
              <code
                class="lg-highlight-hljs-dark python emotion-5"
              >
                <table
                  class="emotion-6"
                >
                  <tbody>
                    <tr
                      class="emotion-23"
                    >
                      <td
                        class="emotion-24"
                      >
                        1
                      </td>
                      <td
                        class="emotion-9"
                      >
                        hello world
                      </td>
                    </tr>
                  </tbody>
                </table>
              </code>
            </pre>
          </div>
        </div>
      </div>
    </div>
  </div>
</DocumentFragment>
`;
