// Jest Snapshot v1, https://goo.gl/fbAQLP

exports[`renders correctly 1`] = `
<Code
  chromeTitle="Test Caption"
  copyable={true}
  language="javascript"
  languageOptions={Array []}
  onChange={[Function]}
  onCopy={[Function]}
  showWindowChrome={true}
>
  mongoimport --db test --collection inventory ^
          --authenticationDatabase admin --username &lt;user&gt; --password &lt;password&gt; ^
          --drop --file ~\\downloads\\inventory.crud.json
</Code>
`;
