// Jest Snapshot v1, https://goo.gl/fbAQLP

exports[`renders correctly 1`] = `
<Code
  nodeData={
    Object {
      "copyable": true,
      "lang": "javascript",
      "position": Object {
        "start": Object {
          "line": 0,
        },
      },
      "type": "code",
      "value": "mongoimport --db test --collection inventory ^
          --authenticationDatabase admin --username <user> --password <password> ^
          --drop --file ~\\\\downloads\\\\inventory.crud.json",
    }
  }
  uriWriter={
    Object {
      "cloudURI": undefined,
      "localURI": undefined,
    }
  }
>
  <div
    style={
      Object {
        "overflowX": "scroll",
      }
    }
  >
    <Code
      language="javascript"
      showLineNumbers={true}
      variant="light"
    >
      <div
        className="leafygreen-ui-1xban8j"
      >
        <div
          className="leafygreen-ui-1q8jsgx"
        >
          <pre
            className="leafygreen-ui-1psfbmo"
            onScroll={[Function]}
          >
            <LineNumbers
              lineCount={3}
              variant="light"
            >
              <div
                className="leafygreen-ui-1lug0bp"
              >
                <div
                  key="0"
                >
                  1
                </div>
                <div
                  key="1"
                >
                  2
                </div>
                <div
                  key="2"
                >
                  3
                </div>
              </div>
            </LineNumbers>
            <Syntax
              language="javascript"
              variant="light"
            >
              <code
                className="lg-highlight-hljs-light leafygreen-ui-1paeik9 javascript"
                dangerouslySetInnerHTML={
                  Object {
                    "__html": "mongoimport --db test --collection inventory ^
          --authenticationDatabase admin --username &lt;user&gt; --password &lt;password&gt; ^
          --drop --file ~\\\\downloads\\\\inventory.crud.json",
                  }
                }
              />
            </Syntax>
          </pre>
          <div
            className="leafygreen-ui-1p8ha9w"
          >
            <IconButton
              ariaLabel="Copy"
              className="leafygreen-ui-4qrwoq copy-btn"
              data-clipboard-text="mongoimport --db test --collection inventory ^
          --authenticationDatabase admin --username <user> --password <password> ^
          --drop --file ~\\\\downloads\\\\inventory.crud.json"
              onClick={[Function]}
              variant="light"
            >
              <button
                aria-disabled={false}
                aria-label="Copy"
                className="copy-btn leafygreen-ui-nx7krf"
                data-clipboard-text="mongoimport --db test --collection inventory ^
          --authenticationDatabase admin --username <user> --password <password> ^
          --drop --file ~\\\\downloads\\\\inventory.crud.json"
                onClick={[Function]}
                tabIndex={0}
              >
                <span
                  className="leafygreen-ui-1rvdyoi"
                >
                  <Icon
                    glyph="Copy"
                  >
                    <Copy
                      size={16}
                      title=" Copy Icon"
                    >
                      <svg
                        className=""
                        height={16}
                        role="img"
                        viewBox="0 0 16 16"
                        width={16}
                      >
                        <title>
                           Copy Icon
                        </title>
                        <g
                          fill="currentColor"
                          fillRule="evenodd"
                        >
                          <path
                            d="M13 5h-3V2H7v9h6V5zm2 0v8H5V0h5l5 5z"
                          />
                          <path
                            d="M4 4v1H2v10h7v-1h1v2H1V4h3z"
                          />
                        </g>
                      </svg>
                    </Copy>
                  </Icon>
                </span>
              </button>
            </IconButton>
          </div>
        </div>
      </div>
    </Code>
  </div>
</Code>
`;

exports[`renders with javascript disabled correctly 1`] = `
<Code
  nodeData={
    Object {
      "copyable": true,
      "lang": "javascript",
      "position": Object {
        "start": Object {
          "line": 0,
        },
      },
      "type": "code",
      "value": "mongoimport --db test --collection inventory ^
          --authenticationDatabase admin --username <user> --password <password> ^
          --drop --file ~\\\\downloads\\\\inventory.crud.json",
    }
  }
  uriWriter={
    Object {
      "cloudURI": undefined,
      "localURI": undefined,
    }
  }
>
  <div
    style={
      Object {
        "overflowX": "scroll",
      }
    }
  >
    <Code
      language="javascript"
      showLineNumbers={true}
      variant="light"
    >
      <div
        className="leafygreen-ui-1xban8j"
      >
        <div
          className="leafygreen-ui-1q8jsgx"
        >
          <pre
            className="leafygreen-ui-1psfbmo"
            onScroll={[Function]}
          >
            <LineNumbers
              lineCount={3}
              variant="light"
            >
              <div
                className="leafygreen-ui-1lug0bp"
              >
                <div
                  key="0"
                >
                  1
                </div>
                <div
                  key="1"
                >
                  2
                </div>
                <div
                  key="2"
                >
                  3
                </div>
              </div>
            </LineNumbers>
            <Syntax
              language="javascript"
              variant="light"
            >
              <code
                className="lg-highlight-hljs-light leafygreen-ui-1paeik9 javascript"
                dangerouslySetInnerHTML={
                  Object {
                    "__html": "mongoimport --db test --collection inventory ^
          --authenticationDatabase admin --username &lt;user&gt; --password &lt;password&gt; ^
          --drop --file ~\\\\downloads\\\\inventory.crud.json",
                  }
                }
              />
            </Syntax>
          </pre>
          <div
            className="leafygreen-ui-1p8ha9w"
          >
            <IconButton
              ariaLabel="Copy"
              className="leafygreen-ui-4qrwoq copy-btn"
              data-clipboard-text="mongoimport --db test --collection inventory ^
          --authenticationDatabase admin --username <user> --password <password> ^
          --drop --file ~\\\\downloads\\\\inventory.crud.json"
              onClick={[Function]}
              variant="light"
            >
              <button
                aria-disabled={false}
                aria-label="Copy"
                className="copy-btn leafygreen-ui-nx7krf"
                data-clipboard-text="mongoimport --db test --collection inventory ^
          --authenticationDatabase admin --username <user> --password <password> ^
          --drop --file ~\\\\downloads\\\\inventory.crud.json"
                onClick={[Function]}
                tabIndex={0}
              >
                <span
                  className="leafygreen-ui-1rvdyoi"
                >
                  <Icon
                    glyph="Copy"
                  >
                    <Copy
                      size={16}
                      title=" Copy Icon"
                    >
                      <svg
                        className=""
                        height={16}
                        role="img"
                        viewBox="0 0 16 16"
                        width={16}
                      >
                        <title>
                           Copy Icon
                        </title>
                        <g
                          fill="currentColor"
                          fillRule="evenodd"
                        >
                          <path
                            d="M13 5h-3V2H7v9h6V5zm2 0v8H5V0h5l5 5z"
                          />
                          <path
                            d="M4 4v1H2v10h7v-1h1v2H1V4h3z"
                          />
                        </g>
                      </svg>
                    </Copy>
                  </Icon>
                </span>
              </button>
            </IconButton>
          </div>
        </div>
      </div>
    </Code>
  </div>
</Code>
`;
