// Jest Snapshot v1, https://goo.gl/fbAQLP

exports[`renders correctly 1`] = `
<DocumentFragment>
  .emotion-0 {
  width: 100%;
  list-style: none;
}

.emotion-1 {
  -webkit-align-items: center;
  -webkit-box-align: center;
  -ms-flex-align: center;
  align-items: center;
  cursor: pointer;
  position: relative;
  -webkit-text-decoration: none;
  text-decoration: none;
  text-decoration-color: transparent;
  line-height: 13px;
  color: var(--link-color-primary);
  font-weight: var(--link-font-weight);
  margin: 0;
  -webkit-appearance: none;
  -moz-appearance: none;
  -ms-appearance: none;
  appearance: none;
  background: none;
  border: none;
  cursor: pointer;
  position: relative;
  width: 100%;
  min-height: 32px;
  padding: 6px 16px;
  box-sizing: border-box;
  display: -webkit-box;
  display: -webkit-flex;
  display: -ms-flexbox;
  display: flex;
  -webkit-align-items: center;
  -webkit-box-align: center;
  -ms-flex-align: center;
  align-items: center;
  font-family: 'Euclid Circular A','Helvetica Neue',Helvetica,Arial,sans-serif;
  font-weight: 400;
  text-align: left;
  -webkit-text-decoration: none;
  text-decoration: none;
  text-transform: capitalize;
  -webkit-transition: background-color 100ms ease-in-out;
  transition: background-color 100ms ease-in-out;
  color: #001E2B;
  background-color: rgba(249,251,250,0);
  font-size: 13px;
  line-height: 20px;
  cursor: default;
  font-weight: 700;
  -webkit-text-decoration: none;
  text-decoration: none;
  color: #00684A;
  position: relative;
  padding-left: 24px;
  padding-right: 24px;
  padding-top: 8px;
  padding-bottom: 8px;
  font-size: 13px;
  line-height: 20px;
}

.emotion-1>code {
  color: var(--link-color-primary);
  font-weight: var(--link-font-weight);
}

.emotion-1:focus,
.emotion-1:hover {
  text-decoration-line: underline;
  -webkit-transition: text-decoration 150ms ease-in-out;
  transition: text-decoration 150ms ease-in-out;
  text-underline-offset: 4px;
  text-decoration-thickness: 2px;
}

.emotion-1:focus {
  text-decoration-color: #016BF8;
  outline: none;
}

.emotion-1:hover {
  text-decoration-color: #E8EDEB;
}

.emotion-1:hover {
  background-color: #E8EDEB;
  -webkit-text-decoration: none;
  text-decoration: none;
}

.emotion-1:focus {
  -webkit-text-decoration: none;
  text-decoration: none;
  outline: none;
}

.emotion-1::-moz-focus-inner {
  border: 0;
}

.emotion-1:before {
  content: '';
  position: absolute;
  background-color: transparent;
  left: 0;
  top: 6px;
  bottom: 6px;
  width: 4px;
  border-radius: 0 6px 6px 0;
  -webkit-transition: -webkit-transform 150ms ease-in-out;
  transition: transform 150ms ease-in-out;
  -webkit-transform: scaleY(0.3);
  -moz-transform: scaleY(0.3);
  -ms-transform: scaleY(0.3);
  transform: scaleY(0.3);
}

.emotion-1:hover {
  background-color: #E8EDEB;
}

.emotion-1:before {
  -webkit-transform: scaleY(1);
  -moz-transform: scaleY(1);
  -ms-transform: scaleY(1);
  transform: scaleY(1);
}

.emotion-1,
.emotion-1:hover {
  background-color: #E3FCF7;
}

.emotion-1:before {
  background-color: #00A35C;
}

.emotion-1:focus {
  -webkit-text-decoration: none;
  text-decoration: none;
}

.emotion-1:focus:before {
  -webkit-transform: scaleY(1);
  -moz-transform: scaleY(1);
  -ms-transform: scaleY(1);
  transform: scaleY(1);
}

.emotion-1:focus {
  color: #083C90;
  background-color: #E1F7FF;
}

.emotion-1:focus:before {
  background-color: #016BF8;
}

<li
    class="emotion-0"
  >
    <a
      aria-current="page"
      aria-disabled="false"
      class="lg-ui-side-nav-item-0000 emotion-1"
      href="/"
    >
      Overview
    </a>
  </li>
  .emotion-0 {
  width: 100%;
  list-style: none;
}

.emotion-1 {
  -webkit-align-items: center;
  -webkit-box-align: center;
  -ms-flex-align: center;
  align-items: center;
  cursor: pointer;
  position: relative;
  -webkit-text-decoration: none;
  text-decoration: none;
  text-decoration-color: transparent;
  line-height: 13px;
  color: var(--link-color-primary);
  font-weight: var(--link-font-weight);
  margin: 0;
  -webkit-appearance: none;
  -moz-appearance: none;
  -ms-appearance: none;
  appearance: none;
  background: none;
  border: none;
  cursor: pointer;
  position: relative;
  width: 100%;
  min-height: 32px;
  padding: 6px 16px;
  box-sizing: border-box;
  display: -webkit-box;
  display: -webkit-flex;
  display: -ms-flexbox;
  display: flex;
  -webkit-align-items: center;
  -webkit-box-align: center;
  -ms-flex-align: center;
  align-items: center;
  font-family: 'Euclid Circular A','Helvetica Neue',Helvetica,Arial,sans-serif;
  font-weight: 400;
  text-align: left;
  -webkit-text-decoration: none;
  text-decoration: none;
  text-transform: capitalize;
  -webkit-transition: background-color 100ms ease-in-out;
  transition: background-color 100ms ease-in-out;
  color: #001E2B;
  background-color: rgba(249,251,250,0);
  font-size: 13px;
  line-height: 20px;
  position: relative;
  padding-left: 24px;
  padding-right: 24px;
  padding-top: 8px;
  padding-bottom: 8px;
  font-size: 13px;
  line-height: 20px;
}

.emotion-1>code {
  color: var(--link-color-primary);
  font-weight: var(--link-font-weight);
}

.emotion-1:focus,
.emotion-1:hover {
  text-decoration-line: underline;
  -webkit-transition: text-decoration 150ms ease-in-out;
  transition: text-decoration 150ms ease-in-out;
  text-underline-offset: 4px;
  text-decoration-thickness: 2px;
}

.emotion-1:focus {
  text-decoration-color: #016BF8;
  outline: none;
}

.emotion-1:hover {
  text-decoration-color: #E8EDEB;
}

.emotion-1:hover {
  background-color: #E8EDEB;
  -webkit-text-decoration: none;
  text-decoration: none;
}

.emotion-1:focus {
  -webkit-text-decoration: none;
  text-decoration: none;
  outline: none;
}

.emotion-1::-moz-focus-inner {
  border: 0;
}

.emotion-1:before {
  content: '';
  position: absolute;
  background-color: transparent;
  left: 0;
  top: 6px;
  bottom: 6px;
  width: 4px;
  border-radius: 0 6px 6px 0;
  -webkit-transition: -webkit-transform 150ms ease-in-out;
  transition: transform 150ms ease-in-out;
  -webkit-transform: scaleY(0.3);
  -moz-transform: scaleY(0.3);
  -ms-transform: scaleY(0.3);
  transform: scaleY(0.3);
}

.emotion-1:hover {
  background-color: #E8EDEB;
}

.emotion-1:focus {
  -webkit-text-decoration: none;
  text-decoration: none;
}

.emotion-1:focus:before {
  -webkit-transform: scaleY(1);
  -moz-transform: scaleY(1);
  -ms-transform: scaleY(1);
  transform: scaleY(1);
}

.emotion-1:focus {
  color: #083C90;
  background-color: #E1F7FF;
}

.emotion-1:focus:before {
  background-color: #016BF8;
}

<li
    class="emotion-0"
  >
    <a
      aria-current="false"
      aria-disabled="false"
      class="lg-ui-side-nav-item-0000 emotion-1"
      href="/cloud/account/"
    >
      Atlas
    </a>
  </li>
  .emotion-0 {
  width: 100%;
  list-style: none;
}

.emotion-1 {
  -webkit-align-items: center;
  -webkit-box-align: center;
  -ms-flex-align: center;
  align-items: center;
  cursor: pointer;
  position: relative;
  -webkit-text-decoration: none;
  text-decoration: none;
  text-decoration-color: transparent;
  line-height: 13px;
  color: var(--link-color-primary);
  font-weight: var(--link-font-weight);
  margin: 0;
  -webkit-appearance: none;
  -moz-appearance: none;
  -ms-appearance: none;
  appearance: none;
  background: none;
  border: none;
  cursor: pointer;
  position: relative;
  width: 100%;
  min-height: 32px;
  padding: 6px 16px;
  box-sizing: border-box;
  display: -webkit-box;
  display: -webkit-flex;
  display: -ms-flexbox;
  display: flex;
  -webkit-align-items: center;
  -webkit-box-align: center;
  -ms-flex-align: center;
  align-items: center;
  font-family: 'Euclid Circular A','Helvetica Neue',Helvetica,Arial,sans-serif;
  font-weight: 400;
  text-align: left;
  -webkit-text-decoration: none;
  text-decoration: none;
  text-transform: capitalize;
  -webkit-transition: background-color 100ms ease-in-out;
  transition: background-color 100ms ease-in-out;
  color: #001E2B;
  background-color: rgba(249,251,250,0);
  font-size: 13px;
  line-height: 20px;
  position: relative;
  padding-left: 24px;
  padding-right: 24px;
  padding-top: 8px;
  padding-bottom: 8px;
  font-size: 13px;
  line-height: 20px;
}

.emotion-1>code {
  color: var(--link-color-primary);
  font-weight: var(--link-font-weight);
}

.emotion-1:focus,
.emotion-1:hover {
  text-decoration-line: underline;
  -webkit-transition: text-decoration 150ms ease-in-out;
  transition: text-decoration 150ms ease-in-out;
  text-underline-offset: 4px;
  text-decoration-thickness: 2px;
}

.emotion-1:focus {
  text-decoration-color: #016BF8;
  outline: none;
}

.emotion-1:hover {
  text-decoration-color: #E8EDEB;
}

.emotion-1:hover {
  background-color: #E8EDEB;
  -webkit-text-decoration: none;
  text-decoration: none;
}

.emotion-1:focus {
  -webkit-text-decoration: none;
  text-decoration: none;
  outline: none;
}

.emotion-1::-moz-focus-inner {
  border: 0;
}

.emotion-1:before {
  content: '';
  position: absolute;
  background-color: transparent;
  left: 0;
  top: 6px;
  bottom: 6px;
  width: 4px;
  border-radius: 0 6px 6px 0;
  -webkit-transition: -webkit-transform 150ms ease-in-out;
  transition: transform 150ms ease-in-out;
  -webkit-transform: scaleY(0.3);
  -moz-transform: scaleY(0.3);
  -ms-transform: scaleY(0.3);
  transform: scaleY(0.3);
}

.emotion-1:hover {
  background-color: #E8EDEB;
}

.emotion-1:focus {
  -webkit-text-decoration: none;
  text-decoration: none;
}

.emotion-1:focus:before {
  -webkit-transform: scaleY(1);
  -moz-transform: scaleY(1);
  -ms-transform: scaleY(1);
  transform: scaleY(1);
}

.emotion-1:focus {
  color: #083C90;
  background-color: #E1F7FF;
}

.emotion-1:focus:before {
  background-color: #016BF8;
}

<li
    class="emotion-0"
  >
    <a
      aria-current="false"
      aria-disabled="false"
      class="lg-ui-side-nav-item-0000 emotion-1"
      href="/server/read/"
    >
      CRUD
    </a>
  </li>
</DocumentFragment>
`;
