// Jest Snapshot v1, https://goo.gl/fbAQLP

exports[`renders correctly 1`] = `
<DocumentFragment>
  .emotion-0 {
  width: 100%;
}

.emotion-1 {
  -webkit-align-items: center;
  -webkit-box-align: center;
  -ms-flex-align: center;
  align-items: center;
  cursor: pointer;
  position: relative;
  -webkit-text-decoration: none!important;
  text-decoration: none!important;
  line-height: 13px;
  outline: none;
  color: #016BF8;
}

.emotion-1:focus {
  outline: none;
}

.emotion-1>code {
  color: #016BF8;
}

.emotion-1::after {
  content: '';
  position: absolute;
  width: 100%;
  height: 2px;
  bottom: -4px;
  left: 0;
  border-radius: 2px;
}

.emotion-1:focus .emotion-1::after {
  background-color: #0498EC;
}

.emotion-1:hover::after {
  background-color: #E8EDEB;
}

.emotion-2 {
  margin: 0;
  -webkit-appearance: none;
  -moz-appearance: none;
  -ms-appearance: none;
  appearance: none;
  background: none;
  border: none;
  cursor: pointer;
  position: relative;
  width: 100%;
  min-height: 32px;
  padding: 6px 16px;
  box-sizing: border-box;
  display: -webkit-box;
  display: -webkit-flex;
  display: -ms-flexbox;
  display: flex;
  -webkit-align-items: center;
  -webkit-box-align: center;
  -ms-flex-align: center;
  align-items: center;
  font-family: 'Euclid Circular A',Akzidenz,'Helvetica Neue',Helvetica,Arial,sans-serif;
  font-weight: normal;
  text-align: left;
  -webkit-text-decoration: none;
  text-decoration: none;
  text-transform: capitalize;
  color: #001E2B;
  -webkit-transition: background-color 100ms ease-in-out;
  transition: background-color 100ms ease-in-out;
  background-color: rgba(249,251,250,0);
  font-size: 13px;
  line-height: 20px;
  cursor: default;
  font-weight: bold;
  -webkit-text-decoration: none;
  text-decoration: none;
  color: #00684A;
  position: relative;
  padding-left: 24px;
  padding-right: 24px;
  padding-top: 8px;
  padding-bottom: 8px;
  font-size: 13px;
  line-height: 20px;
}

.emotion-2:hover {
  background-color: #E8EDEB;
  -webkit-text-decoration: none;
  text-decoration: none;
}

.emotion-2:focus {
  -webkit-text-decoration: none;
  text-decoration: none;
  outline: none;
}

.emotion-2::-moz-focus-inner {
  border: 0;
}

.emotion-2:before {
  content: '';
  position: absolute;
  background-color: transparent;
  left: 0;
  top: 6px;
  bottom: 6px;
  width: 4px;
  border-radius: 0 6px 6px 0;
  -webkit-transition: -webkit-transform 150ms ease-in-out;
  transition: transform 150ms ease-in-out;
  -webkit-transform: scaleY(0.3);
  -moz-transform: scaleY(0.3);
  -ms-transform: scaleY(0.3);
  transform: scaleY(0.3);
}

.emotion-2,
.emotion-2:hover {
  background-color: #E3FCF7;
}

.emotion-2:before {
  -webkit-transform: scaleY(1);
  -moz-transform: scaleY(1);
  -ms-transform: scaleY(1);
  transform: scaleY(1);
  background-color: #00A35C;
}

.emotion-2:focus {
  -webkit-text-decoration: none;
  text-decoration: none;
  color: #0C2657;
  background-color: #C3E7FE;
}

.emotion-2:focus:before {
  -webkit-transform: scaleY(1);
  -moz-transform: scaleY(1);
  -ms-transform: scaleY(1);
  transform: scaleY(1);
  background-color: #0498EC;
}

<li
    class="emotion-0"
  >
    <a
      aria-current="page"
      aria-disabled="false"
      class="emotion-1 constant-classname emotion-2"
      href="/"
    >
      Overview
    </a>
  </li>
  .emotion-0 {
  width: 100%;
}

.emotion-1 {
  -webkit-align-items: center;
  -webkit-box-align: center;
  -ms-flex-align: center;
  align-items: center;
  cursor: pointer;
  position: relative;
  -webkit-text-decoration: none!important;
  text-decoration: none!important;
  line-height: 13px;
  outline: none;
  color: #016BF8;
}

.emotion-1:focus {
  outline: none;
}

.emotion-1>code {
  color: #016BF8;
}

.emotion-1::after {
  content: '';
  position: absolute;
  width: 100%;
  height: 2px;
  bottom: -4px;
  left: 0;
  border-radius: 2px;
}

.emotion-1:focus .emotion-1::after {
  background-color: #0498EC;
}

.emotion-1:hover::after {
  background-color: #E8EDEB;
}

.emotion-2 {
  margin: 0;
  -webkit-appearance: none;
  -moz-appearance: none;
  -ms-appearance: none;
  appearance: none;
  background: none;
  border: none;
  cursor: pointer;
  position: relative;
  width: 100%;
  min-height: 32px;
  padding: 6px 16px;
  box-sizing: border-box;
  display: -webkit-box;
  display: -webkit-flex;
  display: -ms-flexbox;
  display: flex;
  -webkit-align-items: center;
  -webkit-box-align: center;
  -ms-flex-align: center;
  align-items: center;
  font-family: 'Euclid Circular A',Akzidenz,'Helvetica Neue',Helvetica,Arial,sans-serif;
  font-weight: normal;
  text-align: left;
  -webkit-text-decoration: none;
  text-decoration: none;
  text-transform: capitalize;
  color: #001E2B;
  -webkit-transition: background-color 100ms ease-in-out;
  transition: background-color 100ms ease-in-out;
  background-color: rgba(249,251,250,0);
  font-size: 13px;
  line-height: 20px;
  position: relative;
  padding-left: 24px;
  padding-right: 24px;
  padding-top: 8px;
  padding-bottom: 8px;
  font-size: 13px;
  line-height: 20px;
}

.emotion-2:hover {
  background-color: #E8EDEB;
  -webkit-text-decoration: none;
  text-decoration: none;
}

.emotion-2:focus {
  -webkit-text-decoration: none;
  text-decoration: none;
  outline: none;
}

.emotion-2::-moz-focus-inner {
  border: 0;
}

.emotion-2:before {
  content: '';
  position: absolute;
  background-color: transparent;
  left: 0;
  top: 6px;
  bottom: 6px;
  width: 4px;
  border-radius: 0 6px 6px 0;
  -webkit-transition: -webkit-transform 150ms ease-in-out;
  transition: transform 150ms ease-in-out;
  -webkit-transform: scaleY(0.3);
  -moz-transform: scaleY(0.3);
  -ms-transform: scaleY(0.3);
  transform: scaleY(0.3);
}

.emotion-2:focus {
  -webkit-text-decoration: none;
  text-decoration: none;
  color: #0C2657;
  background-color: #C3E7FE;
}

.emotion-2:focus:before {
  -webkit-transform: scaleY(1);
  -moz-transform: scaleY(1);
  -ms-transform: scaleY(1);
  transform: scaleY(1);
  background-color: #0498EC;
}

<li
    class="emotion-0"
  >
    <a
      aria-current="false"
      aria-disabled="false"
      class="emotion-1 constant-classname emotion-2"
      href="/cloud/account/"
    >
      Atlas
    </a>
  </li>
  .emotion-0 {
  width: 100%;
}

.emotion-1 {
  -webkit-align-items: center;
  -webkit-box-align: center;
  -ms-flex-align: center;
  align-items: center;
  cursor: pointer;
  position: relative;
  -webkit-text-decoration: none!important;
  text-decoration: none!important;
  line-height: 13px;
  outline: none;
  color: #016BF8;
}

.emotion-1:focus {
  outline: none;
}

.emotion-1>code {
  color: #016BF8;
}

.emotion-1::after {
  content: '';
  position: absolute;
  width: 100%;
  height: 2px;
  bottom: -4px;
  left: 0;
  border-radius: 2px;
}

.emotion-1:focus .emotion-1::after {
  background-color: #0498EC;
}

.emotion-1:hover::after {
  background-color: #E8EDEB;
}

.emotion-2 {
  margin: 0;
  -webkit-appearance: none;
  -moz-appearance: none;
  -ms-appearance: none;
  appearance: none;
  background: none;
  border: none;
  cursor: pointer;
  position: relative;
  width: 100%;
  min-height: 32px;
  padding: 6px 16px;
  box-sizing: border-box;
  display: -webkit-box;
  display: -webkit-flex;
  display: -ms-flexbox;
  display: flex;
  -webkit-align-items: center;
  -webkit-box-align: center;
  -ms-flex-align: center;
  align-items: center;
  font-family: 'Euclid Circular A',Akzidenz,'Helvetica Neue',Helvetica,Arial,sans-serif;
  font-weight: normal;
  text-align: left;
  -webkit-text-decoration: none;
  text-decoration: none;
  text-transform: capitalize;
  color: #001E2B;
  -webkit-transition: background-color 100ms ease-in-out;
  transition: background-color 100ms ease-in-out;
  background-color: rgba(249,251,250,0);
  font-size: 13px;
  line-height: 20px;
  position: relative;
  padding-left: 24px;
  padding-right: 24px;
  padding-top: 8px;
  padding-bottom: 8px;
  font-size: 13px;
  line-height: 20px;
}

.emotion-2:hover {
  background-color: #E8EDEB;
  -webkit-text-decoration: none;
  text-decoration: none;
}

.emotion-2:focus {
  -webkit-text-decoration: none;
  text-decoration: none;
  outline: none;
}

.emotion-2::-moz-focus-inner {
  border: 0;
}

.emotion-2:before {
  content: '';
  position: absolute;
  background-color: transparent;
  left: 0;
  top: 6px;
  bottom: 6px;
  width: 4px;
  border-radius: 0 6px 6px 0;
  -webkit-transition: -webkit-transform 150ms ease-in-out;
  transition: transform 150ms ease-in-out;
  -webkit-transform: scaleY(0.3);
  -moz-transform: scaleY(0.3);
  -ms-transform: scaleY(0.3);
  transform: scaleY(0.3);
}

.emotion-2:focus {
  -webkit-text-decoration: none;
  text-decoration: none;
  color: #0C2657;
  background-color: #C3E7FE;
}

.emotion-2:focus:before {
  -webkit-transform: scaleY(1);
  -moz-transform: scaleY(1);
  -ms-transform: scaleY(1);
  transform: scaleY(1);
  background-color: #0498EC;
}

<li
    class="emotion-0"
  >
    <a
      aria-current="false"
      aria-disabled="false"
      class="emotion-1 constant-classname emotion-2"
      href="/server/read/"
    >
      CRUD
    </a>
  </li>
</DocumentFragment>
`;
