// Jest Snapshot v1, https://goo.gl/fbAQLP

exports[`renders correctly 1`] = `
<DocumentFragment>
  .emotion-0 {
  margin-top: 24px;
  margin-bottom: 8px;
}

.emotion-1 {
  margin: unset;
  font-family: Akzidenz,'Helvetica Neue',Helvetica,Arial,sans-serif;
  color: #21313C;
  font-size: 18px;
  line-height: 24px;
  -webkit-letter-spacing: 0px;
  -moz-letter-spacing: 0px;
  -ms-letter-spacing: 0px;
  letter-spacing: 0px;
}

.emotion-2 {
  -webkit-align-self: center;
  -ms-flex-item-align: center;
  align-self: center;
  padding: 0 10px;
  visibility: hidden;
}

.emotion-3 {
  border-radius: 0!important;
  display: initial!important;
  margin: initial!important;
}

.emotion-5 {
  margin-top: -175px;
  position: absolute;
  padding-bottom: 2px;
}

<h3
    class="emotion-0 contains-headerlink emotion-1"
    weight="medium"
  >
    Create an administrative username and password
    <a
      class="headerlink emotion-2"
      href="#create-an-administrative-username-and-password"
      title="Permalink to this heading"
    >
      <img
        class="emotion-3 emotion-4"
        src="/assets/link.svg"
      />
    </a>
    <div
      class="emotion-5 emotion-6"
      id="create-an-administrative-username-and-password"
    />
  </h3>
</DocumentFragment>
`;
