// Jest Snapshot v1, https://goo.gl/fbAQLP

exports[`renders correctly 1`] = `
<DocumentFragment>
  .emotion-2 {
  -webkit-align-self: center;
  -ms-flex-item-align: center;
  align-self: center;
  padding: 0 10px;
  visibility: hidden;
}

.emotion-0 {
  border-radius: 0 !important;
  display: initial !important;
  margin: initial !important;
}

.emotion-3 {
  margin-top: -175px;
  position: absolute;
  padding-bottom: 2px;
}

<h3
    class="contains-headerlink"
  >
    Create an administrative username and password
    <a
      class="headerlink emotion-2"
      href="#create-an-administrative-username-and-password"
      title="Permalink to this heading"
    >
      <img
        class="emotion-0 emotion-1"
        src="/assets/link.svg"
      />
    </a>
    <div
      class="emotion-3 emotion-4"
      id="create-an-administrative-username-and-password"
    />
  </h3>
</DocumentFragment>
`;
