// Jest Snapshot v1, https://goo.gl/fbAQLP

exports[`renders correctly 1`] = `
<StyledKicker>
  <ComponentFactory
    key="0"
    nodeData={
      Object {
        "position": Object {
          "start": Object {
            "line": 111,
          },
        },
        "type": "text",
        "value": "Kicker text",
      }
    }
  />
</StyledKicker>
`;
