// Jest Snapshot v1, https://goo.gl/fbAQLP

exports[`renders an empty Line node correctly 1`] = `
<DocumentFragment>
  <div
    class="line"
  >
    <br />
  </div>
</DocumentFragment>
`;

exports[`renders correctly 1`] = `
<DocumentFragment>
  .emotion-2 {
  background-color: #F9FBFA;
  border: 1px solid #B8C4C2;
  border-radius: 3px;
  font-family: 'Source Code Pro',Menlo,monospace;
  font-size: 14px;
  line-height: 20px;
  -webkit-letter-spacing: 0px;
  -moz-letter-spacing: 0px;
  -ms-letter-spacing: 0px;
  letter-spacing: 0px;
  white-space: nowrap;
}

[data-leafygreen-ui="anchor-inline-code"]:hover > .emotion-2 {
  box-shadow: 0 0 0 3px #E7EEEC;
}

[data-leafygreen-ui="anchor-inline-code"]:focus > .emotion-2 {
  box-shadow: 0 0 0 3px #C5E4F2;
}

.emotion-0 {
  font-size: unset;
}

<div
    class="line"
  >
    <code
      class="emotion-0 emotion-1 emotion-2"
    >
      N. Virginia (us-east-1)
    </code>
  </div>
</DocumentFragment>
`;
