// Jest Snapshot v1, https://goo.gl/fbAQLP

exports[`Pagination renders pagination correctly 1`] = `
<PaginationContainer>
  <PaginationButton
    aria-label="Back Page"
    disabled={true}
    onClick={[Function]}
    title="Back Page"
  >
    <Icon
      fill="#B8C4C2"
      glyph="ChevronLeft"
    />
  </PaginationButton>
  <PaginationText>
    <strong>
      1
      /
      10
    </strong>
  </PaginationText>
  <PaginationButton
    aria-label="Forward Page"
    disabled={false}
    onClick={[Function]}
    title="Forward Page"
  >
    <Icon
      fill="#3D4F58"
      glyph="ChevronRight"
    />
  </PaginationButton>
</PaginationContainer>
`;
