// Jest Snapshot v1, https://goo.gl/fbAQLP

exports[`DocumentBody renders the necessary elements 1`] = `
.emotion-0 {
  width: 100%;
  display: -webkit-box;
  display: -webkit-flex;
  display: -ms-flexbox;
  display: flex;
  -webkit-box-pack: center;
  -ms-flex-pack: center;
  -webkit-justify-content: center;
  justify-content: center;
  background-color: #061621;
  color: #ffffff;
}

.emotion-0 a:hover {
  -webkit-text-decoration: underline;
  text-decoration: underline;
}

.emotion-1 {
  box-sizing: border-box;
  margin: 0;
  min-width: 0;
  width: 100%;
  display: -webkit-box;
  display: -webkit-flex;
  display: -ms-flexbox;
  display: flex;
  -webkit-flex-direction: column;
  -ms-flex-direction: column;
  flex-direction: column;
  -webkit-box-pack: justify;
  -webkit-justify-content: space-between;
  justify-content: space-between;
  max-width: 1024px;
  padding-top: 64px;
  padding-bottom: 64px;
  padding-left: 24px;
  padding-right: 24px;
}

@media screen and (min-width: 768px) {
  .emotion-1 {
    -webkit-flex-direction: row;
    -ms-flex-direction: row;
    flex-direction: row;
  }
}

.emotion-2 {
  box-sizing: border-box;
  margin: 0;
  min-width: 0;
  -webkit-flex-basis: 25%;
  -ms-flex-preferred-size: 25%;
  flex-basis: 25%;
  display: -webkit-box;
  display: -webkit-flex;
  display: -ms-flexbox;
  display: flex;
  -webkit-flex-direction: column;
  -ms-flex-direction: column;
  flex-direction: column;
  -webkit-box-pack: justify;
  -webkit-justify-content: space-between;
  justify-content: space-between;
  margin-bottom: 40px;
}

@media screen and (min-width: 768px) {
  .emotion-2 {
    margin-bottom: 0px;
  }
}

.emotion-3 {
  box-sizing: border-box;
  margin: 0;
  min-width: 0;
  display: grid;
  grid-template-columns: 1fr 1fr;
  -webkit-flex-direction: row;
  -ms-flex-direction: row;
  flex-direction: row;
  -webkit-align-items: center;
  -webkit-box-align: center;
  -ms-flex-align: center;
  align-items: center;
  -webkit-box-pack: justify;
  -webkit-justify-content: space-between;
  justify-content: space-between;
}

@media screen and (min-width: 768px) {
  .emotion-3 {
    display: block;
    -webkit-flex-direction: column;
    -ms-flex-direction: column;
    flex-direction: column;
    -webkit-align-items: flex-start;
    -webkit-box-align: flex-start;
    -ms-flex-align: flex-start;
    align-items: flex-start;
  }
}

.emotion-4 {
  box-sizing: border-box;
  margin: 0;
  min-width: 0;
  max-width: 120px;
}

@media screen and (min-width: 1024px) {
  .emotion-4 {
    max-width: 150px;
  }
}

.emotion-5 {
  font-size: 14px;
  line-height: 18px;
}

.emotion-6 {
  width: 100%;
  min-width: 100px;
  font-size: 14px;
  line-height: 18px;
}

.emotion-7 {
  box-sizing: border-box;
  margin: 0;
  min-width: 0;
  display: none;
  font-family: Akzidenz-Grotesk Std;
  font-weight: 300;
  font-size: 12px;
  color: #b8c4c2;
}

@media screen and (min-width: 768px) {
  .emotion-7 {
    display: block;
  }
}

.emotion-8 {
  box-sizing: border-box;
  margin: 0;
  min-width: 0;
  -webkit-flex-basis: 25%;
  -ms-flex-preferred-size: 25%;
  flex-basis: 25%;
  margin-top: 24px;
}

@media screen and (min-width: 768px) {
  .emotion-8 {
    margin-top: 0px;
  }
}

.emotion-9 {
  font-family: Akzidenz-Grotesk Std;
  font-weight: 500;
  font-size: 16px;
  margin-bottom: 24px;
  color: #ffffff;
  margin-top: 0px;
}

@media screen and (min-width: 768px) {
  .emotion-9 {
    margin-top: initial;
  }
}

.emotion-10 {
  list-style: none;
  margin: 0;
  padding: 0;
  display: grid;
  grid-template-columns: 1fr 1fr;
}

@media screen and (min-width: 768px) {
  .emotion-10 {
    display: block;
  }
}

.emotion-11 {
  margin-bottom: 24px;
}

.emotion-12 {
  color: #ffffff;
  -webkit-text-decoration: none;
  text-decoration: none;
  font-family: Akzidenz-Grotesk Std;
  font-weight: 300;
  font-size: 14px;
  line-height: 32px;
  display: -webkit-box;
  display: -webkit-flex;
  display: -ms-flexbox;
  display: flex;
  -webkit-align-items: center;
  -webkit-box-align: center;
  -ms-flex-align: center;
  align-items: center;
}

.emotion-39 {
  margin-right: 16px;
}

.emotion-58 {
  box-sizing: border-box;
  margin: 0;
  min-width: 0;
  display: block;
  font-family: Akzidenz-Grotesk Std;
  font-weight: 300;
  font-size: 12px;
  color: #b8c4c2;
  margin-top: 24px;
}

@media screen and (min-width: 768px) {
  .emotion-58 {
    display: none;
  }
}

<div
  data-testid="consistent-footer"
>
  <footer
    class="emotion-0"
  >
    <div
      class="emotion-1"
    >
      <div
        class="emotion-2"
      >
        <div
          class="emotion-3"
        >
          <div
            class="emotion-4"
          >
            <a
              class="emotion-5"
              href="https://www.mongodb.com"
            >
              <img
                alt="MongoDB logo"
                class="emotion-6"
                src="https://webimages.mongodb.com/_com_assets/cms/kuyj3d95v5vbmm2f4-horizontal_white.svg?auto=format%252Ccompress"
              />
            </a>
          </div>
        </div>
        <div
          class="emotion-7"
        >
          © 2023 MongoDB, Inc.
        </div>
      </div>
      <div
        class="emotion-8"
      >
        <p
          class="emotion-9"
        >
          About
        </p>
        <ul
          class="emotion-10"
        >
          <li
            class="emotion-11"
          >
            <a
              class="emotion-12"
              href="https://www.mongodb.com/careers"
              rel="noreferrer noopener"
              target="_self"
            >
              Careers
            </a>
          </li>
          <li
            class="emotion-11"
          >
            <a
              class="emotion-12"
              href="https://investors.mongodb.com"
              rel="noreferrer noopener"
              target="_self"
            >
              Investor Relations
            </a>
          </li>
          <li
            class="emotion-11"
          >
            <a
              class="emotion-12"
              href="https://www.mongodb.com/legal/legal-notices"
              rel="noreferrer noopener"
              target="_self"
            >
              Legal Notices
            </a>
          </li>
          <li
            class="emotion-11"
          >
            <a
              class="emotion-12"
              href="https://www.mongodb.com/legal/privacy-policy"
              rel="noreferrer noopener"
              target="_self"
            >
              Privacy Notices
            </a>
          </li>
          <li
            class="emotion-11"
          >
            <a
              class="emotion-12"
              href="https://www.mongodb.com/security"
              rel="noreferrer noopener"
              target="_self"
            >
              Security Information
            </a>
          </li>
          <li
            class="emotion-11"
          >
            <a
              class="emotion-12"
              href="https://www.mongodb.com/cloud/trust"
              rel="noreferrer noopener"
              target="_self"
            >
              Trust Center
            </a>
          </li>
        </ul>
      </div>
      <div
        class="emotion-8"
      >
        <p
          class="emotion-9"
        >
          Support
        </p>
        <ul
          class="emotion-10"
        >
          <li
            class="emotion-11"
          >
            <a
              class="emotion-12"
              href="https://www.mongodb.com/contact"
              rel="noreferrer noopener"
              target="_self"
            >
              Contact Us
            </a>
          </li>
          <li
            class="emotion-11"
          >
            <a
              class="emotion-12"
              href="https://support.mongodb.com/welcome"
              rel="noreferrer noopener"
              target="_self"
            >
              Customer Portal
            </a>
          </li>
          <li
            class="emotion-11"
          >
            <a
              class="emotion-12"
              href="https://status.cloud.mongodb.com/"
              rel="noreferrer noopener"
              target="_self"
            >
              Atlas Status
            </a>
          </li>
          <li
            class="emotion-11"
          >
            <a
              class="emotion-12"
              href="https://www.mongodb.com/products/enterprise-grade-support"
              rel="noreferrer noopener"
              target="_self"
            >
              Paid Support
            </a>
          </li>
        </ul>
      </div>
      <div
        class="emotion-8"
      >
        <p
          class="emotion-9"
        >
          Social
        </p>
        <ul
          class="emotion-10"
        >
          <li
            class="emotion-11"
          >
            <a
              class="emotion-12"
              href="https://github.com/mongodb"
              rel="noreferrer noopener"
              target="_self"
            >
              <img
                alt=""
                class="emotion-39"
                src="https://webimages.mongodb.com/_com_assets/cms/kr6wrvghw9q75ytq1-github.svg?auto=format%252Ccompress"
              />
              Github
            </a>
          </li>
          <li
            class="emotion-11"
          >
            <a
              class="emotion-12"
              href="https://stackoverflow.com/tags/mongodb/info"
              rel="noreferrer noopener"
              target="_self"
            >
              <img
                alt=""
                class="emotion-39"
                src="https://webimages.mongodb.com/_com_assets/cms/kr6wsfh9d9z2m4jvx-stackoverflow.svg?auto=format%252Ccompress"
              />
              Stack Overflow
            </a>
          </li>
          <li
            class="emotion-11"
          >
            <a
              class="emotion-12"
              href="https://www.linkedin.com/company/mongodbinc/"
              rel="noreferrer noopener"
              target="_self"
            >
              <img
                alt=""
                class="emotion-39"
                src="https://webimages.mongodb.com/_com_assets/cms/kr6wsmr3g1ckzd0hs-linkedin.svg?auto=format%252Ccompress"
              />
              LinkedIn
            </a>
          </li>
          <li
            class="emotion-11"
          >
            <a
              class="emotion-12"
              href="https://youtube.com/user/mongodb"
              rel="noreferrer noopener"
              target="_self"
            >
              <img
                alt=""
                class="emotion-39"
                src="https://webimages.mongodb.com/_com_assets/cms/kr6wsxwxsvrivp4q4-youtube.svg?auto=format%252Ccompress"
              />
              Youtube
            </a>
          </li>
          <li
            class="emotion-11"
          >
            <a
              class="emotion-12"
              href="https://twitter.com/mongodb"
              rel="noreferrer noopener"
              target="_self"
            >
              <img
                alt=""
                class="emotion-39"
                src="https://webimages.mongodb.com/_com_assets/cms/kr6wt4s3sy4hlc22k-twitter.svg?auto=format%252Ccompress"
              />
              Twitter
            </a>
          </li>
          <li
            class="emotion-11"
          >
            <a
              class="emotion-12"
              href="https://twitch.tv/mongodb/videos"
              rel="noreferrer noopener"
              target="_self"
            >
              <img
                alt=""
                class="emotion-39"
                src="https://webimages.mongodb.com/_com_assets/cms/kr6wtbzfgc05d27pb-twitch.svg?auto=format%252Ccompress"
              />
              Twitch
            </a>
          </li>
          <li
            class="emotion-11"
          >
            <a
              class="emotion-12"
              href="https://facebook.com/mongodb"
              rel="noreferrer noopener"
              target="_self"
            >
              <img
                alt=""
                class="emotion-39"
                src="https://webimages.mongodb.com/_com_assets/cms/kr6wtks9piclp67yr-facebook.svg?auto=format%252Ccompress"
              />
              Facebook
            </a>
          </li>
        </ul>
      </div>
      <div
        class="emotion-58"
      >
        © 2023 MongoDB, Inc.
      </div>
    </div>
  </footer>
</div>
`;

exports[`DocumentBody renders the necessary elements 2`] = `
.emotion-0 {
  cursor: pointer;
  padding: 12px;
  position: fixed;
  -webkit-user-select: none;
  -moz-user-select: none;
  -ms-user-select: none;
  user-select: none;
  z-index: 9;
  font-weight: 500;
  color: #00684A;
}

@media only screen and (max-width: 480px) {
  .emotion-0 {
    display: -webkit-box;
    display: -webkit-flex;
    display: -ms-flexbox;
    display: flex;
    -webkit-align-items: center;
    -webkit-box-align: center;
    -ms-flex-align: center;
    align-items: center;
    font-size: 16px;
    position: static!important;
    width: -webkit-fit-content!important;
    width: -moz-fit-content!important;
    width: fit-content!important;
    margin-left: 20px;
    margin-top: -20px;
    margin-bottom: 20px;
    -webkit-transform: rotate(0deg)!important;
    -moz-transform: rotate(0deg)!important;
    -ms-transform: rotate(0deg)!important;
    transform: rotate(0deg)!important;
  }
}

@media not all and (max-width: 480px) {
  @media only screen and (max-width: 1024px) {
    .emotion-0 {
      -webkit-transform: rotate(-90deg);
      -moz-transform: rotate(-90deg);
      -ms-transform: rotate(-90deg);
      transform: rotate(-90deg);
      top: 50%;
      right: -53px;
    }
  }

  @media not all and (max-width: 1024px) {
    .emotion-0 {
      bottom: -24px;
    }

    @media only screen and (max-width: 1440px) {
      .emotion-0 {
        right: 16px;
      }
    }

    @media not all and (max-width: 1440px) {
      .emotion-0 {
        right: 64px;
      }
    }
  }
}

.emotion-2 {
  position: relative;
  -webkit-transition: 150ms ease-in-out;
  transition: 150ms ease-in-out;
  transition-property: border,box-shadow;
  border: 1px solid #E8EDEB;
  box-shadow: 0 4px 10px -4px rgba(0,30,43,0.3);
  background-color: white;
  color: #1C2D38;
  border-radius: 24px;
  font-family: 'Euclid Circular A',Akzidenz,'Helvetica Neue',Helvetica,Arial,sans-serif;
  font-size: 13px;
  line-height: 20px;
  padding: 24px;
  min-height: 68px;
  cursor: pointer;
}

.emotion-2:focus {
  outline: none;
  box-shadow: 0 0 0 2px #FFFFFF,0 0 0 4px #0498EC,0 4px 10px -4px rgba(0,30,43,0.3);
}

.emotion-2:hover,
.emotion-2:active {
  border: 1px solid #E8EDEB;
  box-shadow: 0 4px 20px -4px rgba(0,30,43,0.2);
}

.emotion-2:hover:focus,
.emotion-2:active:focus {
  box-shadow: 0 0 0 2px #FFFFFF,0 0 0 4px #0498EC,0 4px 20px -4px rgba(0,30,43,0.2);
}

<div
  class="emotion-0 emotion-1 emotion-2"
>
  Share Feedback
</div>
`;

exports[`DocumentBody renders the necessary elements 3`] = `
.emotion-0 {
  width: 100%;
  min-width: 100px;
  font-size: 14px;
  line-height: 18px;
}

<img
  alt="MongoDB logo"
  class="emotion-0"
  src="https://webimages.mongodb.com/_com_assets/cms/kuyj3d95v5vbmm2f4-horizontal_white.svg?auto=format%252Ccompress"
/>
`;
