// Jest Snapshot v1, https://goo.gl/fbAQLP

exports[`renders correctly 1`] = `
<StyledProcedure>
  <ComponentFactory
    key="0"
    nodeData={
      Object {
        "argument": Array [
          Object {
            "position": Object {
              "start": Object {
                "line": 36,
              },
            },
            "type": "text",
            "value": "Connect to your deployment",
          },
        ],
        "children": Array [
          Object {
            "children": Array [
              Object {
                "position": Object {
                  "start": Object {
                    "line": 38,
                  },
                },
                "type": "text",
                "value": "Connect to a MongoDB deployment hosted on MongoDB Atlas, or a deployment hosted locally on your own machine.",
              },
            ],
            "position": Object {
              "start": Object {
                "line": 38,
              },
            },
            "type": "paragraph",
          },
          Object {
            "children": Array [
              Object {
                "children": Array [
                  Object {
                    "position": Object {
                      "start": Object {
                        "line": 40,
                      },
                    },
                    "type": "text",
                    "value": "To learn more, see Connect to MongoDB",
                  },
                ],
                "domain": "std",
                "fileid": Array [
                  "connect",
                  "std-label-connect-run-compass",
                ],
                "flag": "",
                "name": "label",
                "position": Object {
                  "start": Object {
                    "line": 40,
                  },
                },
                "target": "connect-run-compass",
                "type": "ref_role",
              },
            ],
            "position": Object {
              "start": Object {
                "line": 40,
              },
            },
            "type": "paragraph",
          },
        ],
        "domain": "landing",
        "name": "step",
        "position": Object {
          "start": Object {
            "line": 36,
          },
        },
        "type": "directive",
      }
    }
    stepNumber={1}
  />
  <ComponentFactory
    key="1"
    nodeData={
      Object {
        "argument": Array [
          Object {
            "position": Object {
              "start": Object {
                "line": 42,
              },
            },
            "type": "text",
            "value": "Import your data",
          },
        ],
        "children": Array [
          Object {
            "children": Array [
              Object {
                "position": Object {
                  "start": Object {
                    "line": 44,
                  },
                },
                "type": "text",
                "value": "Import data from CSV or JSON files into your MongoDB database.",
              },
            ],
            "position": Object {
              "start": Object {
                "line": 44,
              },
            },
            "type": "paragraph",
          },
          Object {
            "children": Array [
              Object {
                "children": Array [
                  Object {
                    "position": Object {
                      "start": Object {
                        "line": 46,
                      },
                    },
                    "type": "text",
                    "value": "To learn more, see Import and Export Data",
                  },
                ],
                "domain": "std",
                "fileid": Array [
                  "import-export",
                  "std-label-compass-import-export",
                ],
                "flag": "",
                "name": "label",
                "position": Object {
                  "start": Object {
                    "line": 46,
                  },
                },
                "target": "compass-import-export",
                "type": "ref_role",
              },
            ],
            "position": Object {
              "start": Object {
                "line": 46,
              },
            },
            "type": "paragraph",
          },
        ],
        "domain": "landing",
        "name": "step",
        "position": Object {
          "start": Object {
            "line": 42,
          },
        },
        "type": "directive",
      }
    }
    stepNumber={2}
  />
</StyledProcedure>
`;
