// Jest Snapshot v1, https://goo.gl/fbAQLP

exports[`Searchbar renders correctly without browser 1`] = `
<SearchbarContainer
  isExpanded={false}
  isSearching={false}
  onFocus={[Function]}
>
  <CondensedSearchbar
    onExpand={[Function]}
  />
</SearchbarContainer>
`;

exports[`Searchbar renders correctly without browser 2`] = `
<SearchbarContainer
  isExpanded={true}
  isSearching={false}
  onFocus={[Function]}
>
  <ContextProvider
    value={
      Object {
        "searchContainerRef": Object {
          "current": null,
        },
        "searchFilter": null,
        "searchTerm": "",
        "setSearchFilter": [Function],
        "shouldAutofocus": undefined,
      }
    }
  >
    <ExpandedSearchbar
      isFocused={false}
      onChange={[Function]}
      onMobileClose={[Function]}
      value=""
    />
  </ContextProvider>
</SearchbarContainer>
`;
