// Jest Snapshot v1, https://goo.gl/fbAQLP

exports[`renders correctly 1`] = `
<DocumentFragment>
  .emotion-0 {
  -webkit-align-self: center;
  -ms-flex-item-align: center;
  align-self: center;
  padding: 0 10px;
}

.emotion-1 {
  border-radius: 0!important;
  display: initial!important;
  margin: initial!important;
}

.emotion-3 {
  margin-top: -175px;
  position: absolute;
  padding-bottom: 2px;
}

<section>
    <h1
      class="contains-headerlink"
    >
      Connect to your MongoDB instance
      <a
        class="headerlink emotion-0"
        href="#"
        title="Permalink to this heading"
      >
        <img
          class="emotion-1 emotion-2"
          src="/assets/link.svg"
        />
      </a>
      <div
        class="emotion-3 emotion-4"
        id=""
      />
    </h1>
  </section>
</DocumentFragment>
`;
