// Jest Snapshot v1, https://goo.gl/fbAQLP

exports[`renders correctly with a directive_argument node 1`] = `
<DocumentFragment>
  .emotion-0 {
  font-size: 13px;
  line-height: 20px;
  -webkit-transition: all 0.15s ease-in-out;
  transition: all 0.15s ease-in-out;
  border-radius: 3px;
  font-family: 'Source Code Pro',Menlo,monospace;
  line-height: 20px;
  display: inherit;
  background-color: #F9FBFA;
  border: 1px solid #E8EDEB;
  color: #1C2D38;
  white-space: nowrap;
  font-size: unset;
  display: inline;
}

.constant-classname:hover>.emotion-0 {
  -webkit-text-decoration: none;
  text-decoration: none;
}

.constant-classname:hover>.emotion-0 {
  box-shadow: 0 0 0 3px #E8EDEB;
  border: 1px solid #C1C7C6;
}

.constant-classname:focus>.emotion-0 {
  box-shadow: 0 0 0 2px #FFFFFF,0 0 0 4px #0498EC;
  border: 1px solid #016BF8;
}

a .emotion-0 {
  color: inherit;
}

.emotion-1 {
  -webkit-align-self: center;
  -ms-flex-item-align: center;
  align-self: center;
  padding: 0 10px;
  visibility: hidden;
}

.emotion-2 {
  border-radius: 0!important;
  display: initial!important;
  margin: initial!important;
}

.emotion-4 {
  margin-top: -150px;
  position: absolute;
  padding-bottom: 2px;
}

.emotion-6 {
  margin: unset;
  font-family: 'Euclid Circular A',Akzidenz,'Helvetica Neue',Helvetica,Arial,sans-serif;
  color: #001E2B;
  font-size: 13px;
  line-height: 20px;
  color: #001E2B;
  font-weight: 400;
  margin-bottom: 16px;
}

.emotion-6 strong,
.emotion-6 b {
  font-weight: 700;
}

.emotion-7 {
  -webkit-align-items: center;
  -webkit-box-align: center;
  -ms-flex-align: center;
  align-items: center;
  cursor: pointer;
  position: relative;
  -webkit-text-decoration: none!important;
  text-decoration: none!important;
  line-height: 13px;
  outline: none;
  color: #016BF8;
}

.emotion-7:focus {
  outline: none;
}

.emotion-7>code {
  color: #016BF8;
}

.emotion-7::after {
  content: '';
  position: absolute;
  width: 100%;
  height: 2px;
  bottom: -4px;
  left: 0;
  border-radius: 2px;
}

.emotion-7:focus .emotion-7::after {
  background-color: #0498EC;
}

.emotion-7:hover::after {
  background-color: #E8EDEB;
}

<dl
    class="option"
  >
    <dt>
      <code
        class="emotion-0"
      >
        --config &lt;filename&gt;, -f &lt;filename&gt;
      </code>
      <a
        class="headerlink emotion-1"
        href="#std-option-mongos.--config"
        title="Permalink to this definition"
      >
        <img
          class="emotion-2 emotion-3"
          src="/assets/link.svg"
        />
      </a>
      <div
        class="emotion-4 emotion-5"
        id="std-option-mongos.--config"
      />
    </dt>
    <dd>
      <p
        class="emotion-6"
      >
        Specifies a configuration file for runtime configuration options. The
configuration file is the preferred method for runtime configuration of

        <a
          class=" emotion-7"
          href="/reference/program/mongos/#std-program-mongos"
        >
          <code
            class="emotion-0"
          >
            mongos
          </code>
        </a>
        . The options are equivalent to the command-line
configuration options. See 
        <a
          class=" emotion-7"
          href="/reference/configuration-options/"
        >
          Configuration File Options
        </a>
         for
more information.
      </p>
      <p
        class="emotion-6"
      >
        Ensure the configuration file uses ASCII encoding. The 
        <a
          class=" emotion-7"
          href="/reference/program/mongos/#std-program-mongos"
        >
          <code
            class="emotion-0"
          >
            mongos
          </code>
        </a>
        
instance does not support configuration files with non-ASCII encoding,
including UTF-8.
      </p>
    </dd>
  </dl>
</DocumentFragment>
`;

exports[`renders correctly with no directive_argument nodes 1`] = `
<DocumentFragment>
  <span
    class="header-buffer"
    id="std-label-php-language-center"
  />
</DocumentFragment>
`;
